<html>
<body>
<pre>
<h1>µVision Build Log</h1>
<h2>Tool Versions:</h2>
IDE-Version: ¦ÌVision V5.24.2.0
Copyright (C) 2017 ARM Ltd and ARM Germany GmbH. All rights reserved.
License Information: sadd Microsoft, Microsoft, LIC=6XJEV-PPEUL-LTJ3E-5T3BK-HSE48-QYYFF
 
Tool Versions:
Toolchain:       MDK-ARM Professional  Version: 5.24.1
Toolchain Path:  d:\Keil\ARM\ARMCC\Bin
C Compiler:      Armcc.exe V5.06 update 5 (build 528)
Assembler:       Armasm.exe V5.06 update 5 (build 528)
Linker/Locator:  ArmLink.exe V5.06 update 5 (build 528)
Library Manager: ArmAr.exe V5.06 update 5 (build 528)
Hex Converter:   FromElf.exe V5.06 update 5 (build 528)
CPU DLL:         SARMCM3.DLL V5.24.1
Dialog DLL:      DARMSTM.DLL V1.68.0.0
Target DLL:      CMSIS_AGDI.dll V1.28.3.0
Dialog DLL:      TARMSTM.DLL V1.66.0.0
 
<h2>Project:</h2>
D:\Users\Administrator\Desktop\input\CMSIS-DAP-master\Firmware\STM32\CMSIS_DAP_USB.uvproj
Project File Date:  05/04/2018

<h2>Output:</h2>
*** Using Compiler 'V5.06 update 5 (build 528)', folder: 'd:\Keil\ARM\ARMCC\Bin'
Build target 'CMSIS-DAP-V2'
assembling startup_stm32f10x_md.s...
compiling system_stm32f10x.c...
system_stm32f10x.c(100): warning:  #1215-D: #warning directive: "Use STM32F102Cx (48 MHz)"
                #warning "Use STM32F102Cx (48 MHz)"
system_stm32f10x.c: 1 warning, 0 errors
compiling CMSIS-DAP.c...
compiling UserApp.c...
compiling usb_config.c...
compiling usbd_STM32F103.c...
compiling usbd_user_cdc_acm.c...
compiling usbd_user_hid.c...
compiling stm32f10x_gpio.c...
compiling stm32f10x_rcc.c...
compiling stm32f10x_usart.c...
compiling misc.c...
compiling stm32f10x_flash.c...
compiling usbd_cdc_acm.c...
compiling usbd_core.c...
compiling usbd_core_cdc.c...
compiling usbd_core_hid.c...
compiling usbd_hid.c...
linking...
Program Size: Code=25508 RO-data=868 RW-data=276 ZI-data=11180  
FromELF: creating hex file...
".\build\CMSIS-DAP-V2.axf" - 0 Error(s), 1 Warning(s).
Build Time Elapsed:  00:00:12
</pre>
</body>
</html>
